// Jest Snapshot v1, https://goo.gl/fbAQLP

exports[`render all components should match the snapshot 1`] = `
<Provider
  store={
    Object {
      "@@observable": [Function],
      "dispatch": [Function],
      "getState": [Function],
      "replaceReducer": [Function],
      "subscribe": [Function],
    }
  }
>
  <div
    className="heading"
  >
    USER HOBBIES LIST
  </div>
  <div
    className="container"
  >
    <Connect(Users) />
    <Connect(UserHobbies) />
  </div>
</Provider>
`;
